Archive member included because of file (symbol)

/home/filipe/Documents/Workspace/embedded/arm7_environment/gcc-arm-none-eabi-4_9-2015q3/bin/../lib/gcc/arm-none-eabi/4.9.3/../../../../arm-none-eabi/lib/armv7e-m/libg_nano.a(lib_a-errno.o)
                              ./system/src/newlib/_sbrk.o (__errno)
/home/filipe/Documents/Workspace/embedded/arm7_environment/gcc-arm-none-eabi-4_9-2015q3/bin/../lib/gcc/arm-none-eabi/4.9.3/../../../../arm-none-eabi/lib/armv7e-m/libg_nano.a(lib_a-impure.o)
                              /home/filipe/Documents/Workspace/embedded/arm7_environment/gcc-arm-none-eabi-4_9-2015q3/bin/../lib/gcc/arm-none-eabi/4.9.3/../../../../arm-none-eabi/lib/armv7e-m/libg_nano.a(lib_a-errno.o) (_impure_ptr)

Allocating common symbols
Common symbol       size              file

errno               0x4               ./system/src/newlib/_syscalls.o

Discarded input sections

 .group         0x00000000        0x8 ./system/src/stm32f4/misc.o
 .group         0x00000000        0x8 ./system/src/stm32f4/misc.o
 .group         0x00000000        0x8 ./system/src/stm32f4/misc.o
 .group         0x00000000        0x8 ./system/src/stm32f4/misc.o
 .group         0x00000000        0x8 ./system/src/stm32f4/misc.o
 .group         0x00000000        0x8 ./system/src/stm32f4/misc.o
 .group         0x00000000        0x8 ./system/src/stm32f4/misc.o
 .group         0x00000000        0x8 ./system/src/stm32f4/misc.o
 .group         0x00000000        0x8 ./system/src/stm32f4/misc.o
 .group         0x00000000        0x8 ./system/src/stm32f4/misc.o
 .group         0x00000000        0x8 ./system/src/stm32f4/misc.o
 .group         0x00000000        0x8 ./system/src/stm32f4/misc.o
 .group         0x00000000        0x8 ./system/src/stm32f4/misc.o
 .group         0x00000000        0x8 ./system/src/stm32f4/misc.o
 .group         0x00000000        0x8 ./system/src/stm32f4/misc.o
 .group         0x00000000        0x8 ./system/src/stm32f4/misc.o
 .group         0x00000000        0x8 ./system/src/stm32f4/misc.o
 .group         0x00000000        0x8 ./system/src/stm32f4/misc.o
 .group         0x00000000        0x8 ./system/src/stm32f4/misc.o
 .group         0x00000000        0x8 ./system/src/stm32f4/misc.o
 .group         0x00000000        0x8 ./system/src/stm32f4/misc.o
 .group         0x00000000        0x8 ./system/src/stm32f4/misc.o
 .group         0x00000000        0x8 ./system/src/stm32f4/misc.o
 .group         0x00000000        0x8 ./system/src/stm32f4/misc.o
 .group         0x00000000        0x8 ./system/src/stm32f4/misc.o
 .group         0x00000000        0x8 ./system/src/stm32f4/misc.o
 .group         0x00000000        0x8 ./system/src/stm32f4/misc.o
 .group         0x00000000        0x8 ./system/src/stm32f4/misc.o
 .group         0x00000000        0x8 ./system/src/stm32f4/misc.o
 .group         0x00000000        0x8 ./system/src/stm32f4/misc.o
 .group         0x00000000        0x8 ./system/src/stm32f4/misc.o
 .group         0x00000000        0x8 ./system/src/stm32f4/misc.o
 .group         0x00000000        0x8 ./system/src/stm32f4/misc.o
 .group         0x00000000        0x8 ./system/src/stm32f4/misc.o
 .group         0x00000000        0x8 ./system/src/stm32f4/misc.o
 .group         0x00000000        0x8 ./system/src/stm32f4/misc.o
 .group         0x00000000        0x8 ./system/src/stm32f4/misc.o
 .group         0x00000000        0x8 ./system/src/stm32f4/misc.o
 .text          0x00000000        0x0 ./system/src/stm32f4/misc.o
 .data          0x00000000        0x0 ./system/src/stm32f4/misc.o
 .bss           0x00000000        0x0 ./system/src/stm32f4/misc.o
 .text.NVIC_PriorityGroupConfig
                0x00000000       0x40 ./system/src/stm32f4/misc.o
 .text.NVIC_Init
                0x00000000       0x9c ./system/src/stm32f4/misc.o
 .text.NVIC_SetVectorTable
                0x00000000       0x44 ./system/src/stm32f4/misc.o
 .text.NVIC_SystemLPConfig
                0x00000000       0x48 ./system/src/stm32f4/misc.o
 .text.SysTick_CLKSourceConfig
                0x00000000       0x3c ./system/src/stm32f4/misc.o
 .rodata.str1.4
                0x00000000       0x1d ./system/src/stm32f4/misc.o
 .debug_info    0x00000000      0x65c ./system/src/stm32f4/misc.o
 .debug_abbrev  0x00000000      0x188 ./system/src/stm32f4/misc.o
 .debug_loc     0x00000000      0x1d5 ./system/src/stm32f4/misc.o
 .debug_aranges
                0x00000000       0x40 ./system/src/stm32f4/misc.o
 .debug_ranges  0x00000000       0x30 ./system/src/stm32f4/misc.o
 .debug_macro   0x00000000      0x1b8 ./system/src/stm32f4/misc.o
 .debug_macro   0x00000000      0x88c ./system/src/stm32f4/misc.o
 .debug_macro   0x00000000       0x5e ./system/src/stm32f4/misc.o
 .debug_macro   0x00000000       0x3b ./system/src/stm32f4/misc.o
 .debug_macro   0x00000000       0x22 ./system/src/stm32f4/misc.o
 .debug_macro   0x00000000       0x44 ./system/src/stm32f4/misc.o
 .debug_macro   0x00000000       0xe3 ./system/src/stm32f4/misc.o
[...]
Memory Configuration

Name             Origin             Length             Attributes
RAM              0x20000000         0x00020000         xrw
CCMRAM           0x10000000         0x00010000         xrw
FLASH            0x08000000         0x00100000         xr
FLASHB1          0x00000000         0x00000000         xr
EXTMEMB0         0x00000000         0x00000000         xr
EXTMEMB1         0x00000000         0x00000000         xr
EXTMEMB2         0x00000000         0x00000000         xr
EXTMEMB3         0x00000000         0x00000000         xr
MEMORY_ARRAY     0x20002000         0x00000020         xrw
*default*        0x00000000         0xffffffff

Linker script and memory map

LOAD ./system/src/stm32f4/misc.o
LOAD ./system/src/stm32f4/stm32f4xx_adc.o
LOAD ./system/src/stm32f4/stm32f4xx_can.o
LOAD ./system/src/stm32f4/stm32f4xx_cec.o
LOAD ./system/src/stm32f4/stm32f4xx_crc.o
LOAD ./system/src/stm32f4/stm32f4xx_cryp.o
LOAD ./system/src/stm32f4/stm32f4xx_cryp_aes.o
LOAD ./system/src/stm32f4/stm32f4xx_cryp_des.o
LOAD ./system/src/stm32f4/stm32f4xx_cryp_tdes.o
LOAD ./system/src/stm32f4/stm32f4xx_dac.o
LOAD ./system/src/stm32f4/stm32f4xx_dbgmcu.o
LOAD ./system/src/stm32f4/stm32f4xx_dcmi.o
LOAD ./system/src/stm32f4/stm32f4xx_dma.o
LOAD ./system/src/stm32f4/stm32f4xx_dma2d.o
LOAD ./system/src/stm32f4/stm32f4xx_dsi.o
LOAD ./system/src/stm32f4/stm32f4xx_exti.o
LOAD ./system/src/stm32f4/stm32f4xx_flash.o
LOAD ./system/src/stm32f4/stm32f4xx_flash_ramfunc.o
LOAD ./system/src/stm32f4/stm32f4xx_fmpi2c.o
LOAD ./system/src/stm32f4/stm32f4xx_fsmc.o
LOAD ./system/src/stm32f4/stm32f4xx_gpio.o
LOAD ./system/src/stm32f4/stm32f4xx_hash.o
LOAD ./system/src/stm32f4/stm32f4xx_hash_md5.o
LOAD ./system/src/stm32f4/stm32f4xx_hash_sha1.o
LOAD ./system/src/stm32f4/stm32f4xx_i2c.o
LOAD ./system/src/stm32f4/stm32f4xx_iwdg.o
LOAD ./system/src/stm32f4/stm32f4xx_lptim.o
LOAD ./system/src/stm32f4/stm32f4xx_ltdc.o
LOAD ./system/src/stm32f4/stm32f4xx_pwr.o
LOAD ./system/src/stm32f4/stm32f4xx_qspi.o
LOAD ./system/src/stm32f4/stm32f4xx_rcc.o
LOAD ./system/src/stm32f4/stm32f4xx_rng.o
LOAD ./system/src/stm32f4/stm32f4xx_rtc.o
LOAD ./system/src/stm32f4/stm32f4xx_sai.o
LOAD ./system/src/stm32f4/stm32f4xx_sdio.o
LOAD ./system/src/stm32f4/stm32f4xx_spdifrx.o
LOAD ./system/src/stm32f4/stm32f4xx_spi.o
LOAD ./system/src/stm32f4/stm32f4xx_syscfg.o
LOAD ./system/src/stm32f4/stm32f4xx_tim.o
LOAD ./system/src/stm32f4/stm32f4xx_usart.o
LOAD ./system/src/stm32f4/stm32f4xx_wwdg.o
LOAD ./system/src/newlib/_cxx.o
LOAD ./system/src/newlib/_exit.o
LOAD ./system/src/newlib/_sbrk.o
LOAD ./system/src/newlib/_startup.o
LOAD ./system/src/newlib/_syscalls.o
LOAD ./system/src/newlib/assert.o
LOAD ./system/src/diag/Trace.o
LOAD ./system/src/diag/trace_impl.o
LOAD ./system/src/cortexm/_initialize_hardware.o
LOAD ./system/src/cortexm/_reset_hardware.o
LOAD ./system/src/cortexm/exception_handlers.o
LOAD ./system/src/cmsis/system_stm32f4xx.o
LOAD ./system/src/cmsis/vectors_stm32f407xx.o
LOAD ./src/_write.o
LOAD ./src/main.o
LOAD /home/filipe/Documents/Workspace/embedded/arm7_environment/gcc-arm-none-eabi-4_9-2015q3/bin/../lib/gcc/arm-none-eabi/4.9.3/../../../../arm-none-eabi/lib/armv7e-m/libstdc++_nano.a
LOAD /home/filipe/Documents/Workspace/embedded/arm7_environment/gcc-arm-none-eabi-4_9-2015q3/bin/../lib/gcc/arm-none-eabi/4.9.3/../../../../arm-none-eabi/lib/armv7e-m/libm.a
START GROUP
LOAD /home/filipe/Documents/Workspace/embedded/arm7_environment/gcc-arm-none-eabi-4_9-2015q3/bin/../lib/gcc/arm-none-eabi/4.9.3/armv7e-m/libgcc.a
LOAD /home/filipe/Documents/Workspace/embedded/arm7_environment/gcc-arm-none-eabi-4_9-2015q3/bin/../lib/gcc/arm-none-eabi/4.9.3/../../../../arm-none-eabi/lib/armv7e-m/libg_nano.a
LOAD /home/filipe/Documents/Workspace/embedded/arm7_environment/gcc-arm-none-eabi-4_9-2015q3/bin/../lib/gcc/arm-none-eabi/4.9.3/../../../../arm-none-eabi/lib/armv7e-m/libc_nano.a
END GROUP
START GROUP
LOAD /home/filipe/Documents/Workspace/embedded/arm7_environment/gcc-arm-none-eabi-4_9-2015q3/bin/../lib/gcc/arm-none-eabi/4.9.3/armv7e-m/libgcc.a
LOAD /home/filipe/Documents/Workspace/embedded/arm7_environment/gcc-arm-none-eabi-4_9-2015q3/bin/../lib/gcc/arm-none-eabi/4.9.3/../../../../arm-none-eabi/lib/armv7e-m/libc_nano.a
END GROUP
                0x20020000                __stack = (ORIGIN (RAM) + 0x20000)
                0x20020000                _estack = __stack
                0x00000400                __Main_Stack_Size = 0x400
                0x00000400                PROVIDE (_Main_Stack_Size, __Main_Stack_Size)
                0x2001fc00                __Main_Stack_Limit = (__stack - __Main_Stack_Size)
                0x2001fc00                PROVIDE (_Main_Stack_Limit, __Main_Stack_Limit)
                0x00000100                _Minimum_Stack_Size = 0x100
                0x20000030                PROVIDE (_Heap_Begin, _end_noinit)
                0x2001fc00                PROVIDE (_Heap_Limit, (__stack - __Main_Stack_Size))

.isr_vector     0x08000000      0x330
 FILL mask 0xff
                0x08000000                __vectors_start = ABSOLUTE (.)
                0x08000000                __vectors_start__ = ABSOLUTE (.)
 *(.isr_vector)
 .isr_vector    0x08000000      0x188 ./system/src/cmsis/vectors_stm32f407xx.o
                0x08000000                __isr_vectors
 *(.cfmconfig)
 *(.after_vectors .after_vectors.*)
 .after_vectors
                0x08000188      0x130 ./system/src/newlib/_startup.o
                0x08000188                _start
 .after_vectors
                0x080002b8       0x74 ./system/src/cortexm/exception_handlers.o
                0x080002b8                Reset_Handler
                0x080002c0                NMI_Handler
                0x080002c4                HardFault_Handler
                0x080002d8                HardFault_Handler_C
                0x080002dc                MemManage_Handler
                0x080002e0                BusFault_Handler
                0x080002f4                BusFault_Handler_C
                0x080002f8                UsageFault_Handler
                0x0800030c                UsageFault_Handler_C
                0x08000310                SVC_Handler
                0x08000314                DebugMon_Handler
                0x08000318                PendSV_Handler
                0x0800031c                SysTick_Handler
 .after_vectors
                0x0800032c        0x4 ./system/src/cmsis/vectors_stm32f407xx.o
                0x0800032c                RTC_Alarm_IRQHandler
                0x0800032c                HASH_RNG_IRQHandler
                0x0800032c                EXTI2_IRQHandler
                0x0800032c                TIM8_CC_IRQHandler
                0x0800032c                TIM1_CC_IRQHandler
                0x0800032c                DMA2_Stream5_IRQHandler
                0x0800032c                DMA1_Stream5_IRQHandler
                0x0800032c                PVD_IRQHandler
                0x0800032c                SDIO_IRQHandler
                0x0800032c                TAMP_STAMP_IRQHandler
                0x0800032c                CAN2_RX1_IRQHandler
                0x0800032c                EXTI3_IRQHandler
                0x0800032c                TIM8_TRG_COM_TIM14_IRQHandler
                0x0800032c                TIM1_UP_TIM10_IRQHandler
                0x0800032c                TIM8_UP_TIM13_IRQHandler
                0x0800032c                I2C3_ER_IRQHandler
                0x0800032c                EXTI0_IRQHandler
                0x0800032c                I2C2_EV_IRQHandler
                0x0800032c                DMA1_Stream2_IRQHandler
                0x0800032c                CAN1_RX0_IRQHandler
                0x0800032c                FPU_IRQHandler
                0x0800032c                OTG_HS_WKUP_IRQHandler
                0x0800032c                CAN2_SCE_IRQHandler
                0x0800032c                DMA2_Stream2_IRQHandler
                0x0800032c                SPI1_IRQHandler
                0x0800032c                TIM6_DAC_IRQHandler
                0x0800032c                TIM1_BRK_TIM9_IRQHandler
                0x0800032c                DCMI_IRQHandler
                0x0800032c                CAN2_RX0_IRQHandler
                0x0800032c                DMA2_Stream3_IRQHandler
                0x0800032c                USART6_IRQHandler
                0x0800032c                USART3_IRQHandler
                0x0800032c                CAN1_RX1_IRQHandler
                0x0800032c                UART5_IRQHandler
                0x0800032c                DMA2_Stream0_IRQHandler
                0x0800032c                TIM4_IRQHandler
                0x0800032c                I2C1_EV_IRQHandler
                0x0800032c                DMA1_Stream6_IRQHandler
                0x0800032c                DMA1_Stream1_IRQHandler
                0x0800032c                UART4_IRQHandler
                0x0800032c                TIM3_IRQHandler
                0x0800032c                RCC_IRQHandler
                0x0800032c                TIM8_BRK_TIM12_IRQHandler
                0x0800032c                Default_Handler
                0x0800032c                EXTI15_10_IRQHandler
                0x0800032c                ADC_IRQHandler
                0x0800032c                DMA1_Stream7_IRQHandler
                0x0800032c                TIM7_IRQHandler
                0x0800032c                CAN2_TX_IRQHandler
                0x0800032c                TIM5_IRQHandler
                0x0800032c                DMA2_Stream7_IRQHandler
                0x0800032c                I2C3_EV_IRQHandler
                0x0800032c                EXTI9_5_IRQHandler
                0x0800032c                RTC_WKUP_IRQHandler
                0x0800032c                ETH_WKUP_IRQHandler
                0x0800032c                SPI2_IRQHandler
                0x0800032c                OTG_HS_EP1_IN_IRQHandler
                0x0800032c                DMA1_Stream0_IRQHandler
                0x0800032c                CAN1_TX_IRQHandler
                0x0800032c                EXTI4_IRQHandler
                0x0800032c                ETH_IRQHandler
                0x0800032c                OTG_HS_EP1_OUT_IRQHandler
                0x0800032c                WWDG_IRQHandler
                0x0800032c                TIM2_IRQHandler
                0x0800032c                OTG_FS_WKUP_IRQHandler
                0x0800032c                TIM1_TRG_COM_TIM11_IRQHandler
                0x0800032c                OTG_HS_IRQHandler
                0x0800032c                EXTI1_IRQHandler
                0x0800032c                USART2_IRQHandler
                0x0800032c                I2C2_ER_IRQHandler
                0x0800032c                DMA2_Stream1_IRQHandler
                0x0800032c                CAN1_SCE_IRQHandler
                0x0800032c                FLASH_IRQHandler
                0x0800032c                DMA2_Stream4_IRQHandler
                0x0800032c                USART1_IRQHandler
                0x0800032c                OTG_FS_IRQHandler
                0x0800032c                SPI3_IRQHandler
                0x0800032c                DMA1_Stream4_IRQHandler
                0x0800032c                I2C1_ER_IRQHandler
                0x0800032c                FMC_IRQHandler
                0x0800032c                DMA2_Stream6_IRQHandler
                0x0800032c                DMA1_Stream3_IRQHandler

.inits          0x08000330       0x28
                0x08000330                __data_regions_array_start = .
                0x08000330        0x4 LONG 0x800053c LOADADDR (.data)
                0x08000334        0x4 LONG 0x20000000 ADDR (.data)
                0x08000338        0x4 LONG 0x20000024 (ADDR (.data) + SIZEOF (.data))
                0x0800033c        0x4 LONG 0x800053c LOADADDR (.data_CCMRAM)
                0x08000340        0x4 LONG 0x10000000 ADDR (.data_CCMRAM)
                0x08000344        0x4 LONG 0x10000000 (ADDR (.data_CCMRAM) + SIZEOF (.data_CCMRAM))
                0x08000348                __data_regions_array_end = .
                0x08000348                __bss_regions_array_start = .
                0x08000348        0x4 LONG 0x20000024 ADDR (.bss)
                0x0800034c        0x4 LONG 0x20000030 (ADDR (.bss) + SIZEOF (.bss))
                0x08000350        0x4 LONG 0x10000000 ADDR (.bss_CCMRAM)
                0x08000354        0x4 LONG 0x10000000 (ADDR (.bss_CCMRAM) + SIZEOF (.bss_CCMRAM))
                0x08000358                __bss_regions_array_end = .
 *(.init)
 *(.fini)
                0x08000358                . = ALIGN (0x4)
                0x08000358                PROVIDE (__preinit_array_start, .)
 *(.preinit_array_sysinit .preinit_array_sysinit.*)
 *(.preinit_array_platform .preinit_array_platform.*)
 *(.preinit_array .preinit_array.*)
                0x08000358                PROVIDE (__preinit_array_end, .)
                0x08000358                . = ALIGN (0x4)
                0x08000358                PROVIDE (__init_array_start, .)
 *(SORT(.init_array.*))
 *(.init_array)
                0x08000358                PROVIDE (__init_array_end, .)
                0x08000358                . = ALIGN (0x4)
                0x08000358                PROVIDE (__fini_array_start, .)
 *(SORT(.fini_array.*))
 *(.fini_array)
                0x08000358                PROVIDE (__fini_array_end, .)

.flashtext
 *(.flashtext .flashtext.*)

.text           0x08000358      0x1e4
 *(.text .text.*)
 .text._exit    0x08000358        0x4 ./system/src/newlib/_exit.o
                0x08000358                _exit
 .text.__initialize_args
                0x0800035c       0x10 ./system/src/newlib/_syscalls.o
                0x0800035c                __initialize_args
 .text.__initialize_hardware_early
                0x0800036c       0x18 ./system/src/cortexm/_initialize_hardware.o
                0x0800036c                __initialize_hardware_early
 .text.__initialize_hardware
                0x08000384        0x8 ./system/src/cortexm/_initialize_hardware.o
                0x08000384                __initialize_hardware
 .text.SetSysClock
                0x0800038c       0xc4 ./system/src/cmsis/system_stm32f4xx.o
 .text.SystemInit
                0x08000450       0x44 ./system/src/cmsis/system_stm32f4xx.o
                0x08000450                SystemInit
 .text.SystemCoreClockUpdate
                0x08000494       0xa4 ./system/src/cmsis/system_stm32f4xx.o
                0x08000494                SystemCoreClockUpdate
 .text.main     0x08000538        0x4 ./src/main.o
                0x08000538                main
 *(.rodata .rodata.* .constdata .constdata.*)
 *(vtable)
 *(.eh_frame*)
 *(.glue_7)
 .glue_7        0x00000000        0x0 linker stubs
 *(.glue_7t)
 .glue_7t       0x00000000        0x0 linker stubs

.vfp11_veneer   0x0800053c        0x0
 .vfp11_veneer  0x00000000        0x0 linker stubs

.v4_bx          0x0800053c        0x0
 .v4_bx         0x00000000        0x0 linker stubs

.iplt           0x0800053c        0x0
 .iplt          0x00000000        0x0 ./system/src/stm32f4/misc.o

.rel.dyn        0x0800053c        0x0
 .rel.iplt      0x00000000        0x0 ./system/src/stm32f4/misc.o

.ARM.extab
 *(.ARM.extab* .gnu.linkonce.armextab.*)
                0x0800053c                . = ALIGN (0x4)
                0x0800053c                __exidx_start = .

.ARM.exidx
 *(.ARM.exidx* .gnu.linkonce.armexidx.*)
                0x0800053c                __exidx_end = .
                0x0800053c                . = ALIGN (0x4)
                0x0800053c                _etext = .
                0x0800053c                __etext = .

.data_CCMRAM    0x10000000        0x0 load address 0x0800053c
 FILL mask 0xff
 *(.data.CCMRAM .data.CCMRAM.*)
                0x10000000                . = ALIGN (0x4)
                0x0800053c                _sidata = LOADADDR (.data)

.data           0x20000000       0x24 load address 0x0800053c
 FILL mask 0xff
                0x20000000                _sdata = .
                0x20000000                __data_start__ = .
 *(.data_begin .data_begin.*)
 .data_begin    0x20000000        0x4 ./system/src/newlib/_startup.o
 *(.data .data.*)
 .data.argv.4609
                0x20000004        0x8 ./system/src/newlib/_syscalls.o
 .data.AHBPrescTable
                0x2000000c       0x10 ./system/src/cmsis/system_stm32f4xx.o
                0x2000000c                AHBPrescTable
 .data.SystemCoreClock
                0x2000001c        0x4 ./system/src/cmsis/system_stm32f4xx.o
                0x2000001c                SystemCoreClock
 *(.data_end .data_end.*)
 .data_end      0x20000020        0x4 ./system/src/newlib/_startup.o
                0x20000024                . = ALIGN (0x4)
                0x20000024                _edata = .
                0x20000024                __data_end__ = .

.igot.plt       0x20000024        0x0 load address 0x08000560
 .igot.plt      0x00000000        0x0 ./system/src/stm32f4/misc.o

.bss_CCMRAM     0x10000000        0x0
 *(.bss.CCMRAM .bss.CCMRAM.*)

.bss            0x20000024        0xc
                0x20000024                __bss_start__ = .
                0x20000024                _sbss = .
 *(.bss_begin .bss_begin.*)
 .bss_begin     0x20000024        0x4 ./system/src/newlib/_startup.o
 *(.bss .bss.*)
 .bss.name.4608
                0x20000028        0x1 ./system/src/newlib/_syscalls.o
 *(COMMON)
 *(.bss_end .bss_end.*)
 *fill*         0x20000029        0x3 
 .bss_end       0x2000002c        0x4 ./system/src/newlib/_startup.o
                0x20000030                . = ALIGN (0x4)
                0x20000030                __bss_end__ = .
                0x20000030                _ebss = .

.noinit_CCMRAM
 *(.noinit.CCMRAM .noinit.CCMRAM.*)

.noinit         0x20000030        0x0
                0x20000030                _noinit = .
 *(.noinit .noinit.*)
                0x20000030                . = ALIGN (0x4)
                0x20000030                _end_noinit = .
                0x20000030                PROVIDE (end, _end_noinit)
                0x20000030                PROVIDE (_end, _end_noinit)
                0x20000030                PROVIDE (__end, _end_noinit)
                0x20000030                PROVIDE (__end__, _end_noinit)

._check_stack   0x20000030      0x100
                0x20000130                . = (. + _Minimum_Stack_Size)
 *fill*         0x20000030      0x100 

.b1text
 *(.b1text)
 *(.b1rodata)
 *(.b1rodata.*)

.eb0text
 *(.eb0text)
 *(.eb0rodata)
 *(.eb0rodata.*)

.eb1text
 *(.eb1text)
 *(.eb1rodata)
 *(.eb1rodata.*)

.eb2text
 *(.eb2text)
 *(.eb2rodata)
 *(.eb2rodata.*)

.eb3text
 *(.eb3text)
 *(.eb3rodata)
 *(.eb3rodata.*)

.stab
 *(.stab)

.stabstr
 *(.stabstr)

.stab.excl
 *(.stab.excl)

.stab.exclstr
 *(.stab.exclstr)

.stab.index
 *(.stab.index)

.stab.indexstr
 *(.stab.indexstr)

.comment        0x00000000       0x70
 *(.comment)
 .comment       0x00000000       0x70 ./system/src/newlib/_exit.o
                                 0x71 (size before relaxing)
 .comment       0x00000000       0x71 ./system/src/newlib/_startup.o
 .comment       0x00000000       0x71 ./system/src/newlib/_syscalls.o
 .comment       0x00000000       0x71 ./system/src/cortexm/_initialize_hardware.o
 .comment       0x00000000       0x71 ./system/src/cortexm/exception_handlers.o
 .comment       0x00000000       0x71 ./system/src/cmsis/system_stm32f4xx.o
 .comment       0x00000000       0x71 ./system/src/cmsis/vectors_stm32f407xx.o
 .comment       0x00000000       0x71 ./src/main.o

.ARM.attributes
                0x00000000       0x33
 .ARM.attributes
                0x00000000       0x33 ./system/src/newlib/_exit.o
 .ARM.attributes
                0x00000033       0x33 ./system/src/newlib/_startup.o
 .ARM.attributes
                0x00000066       0x33 ./system/src/newlib/_syscalls.o
 .ARM.attributes
                0x00000099       0x33 ./system/src/cortexm/_initialize_hardware.o
 .ARM.attributes
                0x000000cc       0x33 ./system/src/cortexm/exception_handlers.o
 .ARM.attributes
                0x000000ff       0x33 ./system/src/cmsis/system_stm32f4xx.o
 .ARM.attributes
                0x00000132       0x33 ./system/src/cmsis/vectors_stm32f407xx.o
 .ARM.attributes
                0x00000165       0x33 ./src/main.o

.debug
 *(.debug)

.line
 *(.line)

.debug_srcinfo
 *(.debug_srcinfo)

.debug_sfnames
 *(.debug_sfnames)

.debug_aranges  0x00000000      0x250
 *(.debug_aranges)
 .debug_aranges
                0x00000000       0x28 ./system/src/newlib/_exit.o
 .debug_aranges
                0x00000028       0x40 ./system/src/newlib/_startup.o
 .debug_aranges
                0x00000068       0xd0 ./system/src/newlib/_syscalls.o
 .debug_aranges
                0x00000138       0x28 ./system/src/cortexm/_initialize_hardware.o
 .debug_aranges
                0x00000160       0x80 ./system/src/cortexm/exception_handlers.o
 .debug_aranges
                0x000001e0       0x30 ./system/src/cmsis/system_stm32f4xx.o
 .debug_aranges
                0x00000210       0x20 ./system/src/cmsis/vectors_stm32f407xx.o
 .debug_aranges
                0x00000230       0x20 ./src/main.o

.debug_pubnames
 *(.debug_pubnames)

.debug_info     0x00000000     0x1c00
 *(.debug_info .gnu.linkonce.wi.*)
 .debug_info    0x00000000       0xee ./system/src/newlib/_exit.o
 .debug_info    0x000000ee      0x51a ./system/src/newlib/_startup.o
 .debug_info    0x00000608      0x90f ./system/src/newlib/_syscalls.o
 .debug_info    0x00000f17      0x2b5 ./system/src/cortexm/_initialize_hardware.o
 .debug_info    0x000011cc      0x2ad ./system/src/cortexm/exception_handlers.o
 .debug_info    0x00001479      0x5f1 ./system/src/cmsis/system_stm32f4xx.o
 .debug_info    0x00001a6a       0xd1 ./system/src/cmsis/vectors_stm32f407xx.o
 .debug_info    0x00001b3b       0xc5 ./src/main.o

.debug_abbrev   0x00000000      0x88c
 *(.debug_abbrev)
 .debug_abbrev  0x00000000       0xb7 ./system/src/newlib/_exit.o
 .debug_abbrev  0x000000b7      0x211 ./system/src/newlib/_startup.o
 .debug_abbrev  0x000002c8      0x178 ./system/src/newlib/_syscalls.o
 .debug_abbrev  0x00000440       0xea ./system/src/cortexm/_initialize_hardware.o
 .debug_abbrev  0x0000052a      0x127 ./system/src/cortexm/exception_handlers.o
 .debug_abbrev  0x00000651      0x13d ./system/src/cmsis/system_stm32f4xx.o
 .debug_abbrev  0x0000078e       0x9d ./system/src/cmsis/vectors_stm32f407xx.o
 .debug_abbrev  0x0000082b       0x61 ./src/main.o

.debug_line     0x00000000     0x2493
 *(.debug_line)
 .debug_line    0x00000000      0x349 ./system/src/newlib/_exit.o
 .debug_line    0x00000349      0x3d1 ./system/src/newlib/_startup.o
 .debug_line    0x0000071a      0x5ad ./system/src/newlib/_syscalls.o
 .debug_line    0x00000cc7      0x557 ./system/src/cortexm/_initialize_hardware.o
 .debug_line    0x0000121e      0x6cc ./system/src/cortexm/exception_handlers.o
 .debug_line    0x000018ea      0x5a6 ./system/src/cmsis/system_stm32f4xx.o
 .debug_line    0x00001e90      0x2b7 ./system/src/cmsis/vectors_stm32f407xx.o
 .debug_line    0x00002147      0x34c ./src/main.o

.debug_frame    0x00000000      0x49c
 *(.debug_frame)
 .debug_frame   0x00000000       0x38 ./system/src/newlib/_exit.o
 .debug_frame   0x00000038       0x7c ./system/src/newlib/_startup.o
 .debug_frame   0x000000b4      0x230 ./system/src/newlib/_syscalls.o
 .debug_frame   0x000002e4       0x40 ./system/src/cortexm/_initialize_hardware.o
 .debug_frame   0x00000324       0xe8 ./system/src/cortexm/exception_handlers.o
 .debug_frame   0x0000040c       0x50 ./system/src/cmsis/system_stm32f4xx.o
 .debug_frame   0x0000045c       0x20 ./system/src/cmsis/vectors_stm32f407xx.o
 .debug_frame   0x0000047c       0x20 ./src/main.o

.debug_str      0x00000000    0x637b1
 *(.debug_str)
 .debug_str     0x00000000     0x5e8c ./system/src/newlib/_exit.o
                               0x5ff6 (size before relaxing)
 .debug_str     0x00005e8c      0xc3e ./system/src/newlib/_startup.o
                               0x4fe2 (size before relaxing)
 .debug_str     0x00006aca     0x1851 ./system/src/newlib/_syscalls.o
                               0x6865 (size before relaxing)
 .debug_str     0x0000831b    0x5a81b ./system/src/cortexm/_initialize_hardware.o
                              0x5da02 (size before relaxing)
 .debug_str     0x00062b36      0x1ce ./system/src/cortexm/exception_handlers.o
                              0x6121a (size before relaxing)
 .debug_str     0x00062d04      0x20e ./system/src/cmsis/system_stm32f4xx.o
                              0x5db9b (size before relaxing)
 .debug_str     0x00062f12       0x59 ./system/src/cmsis/vectors_stm32f407xx.o
                               0x3207 (size before relaxing)
 .debug_str     0x00062f6b      0x846 ./src/main.o
                               0x6812 (size before relaxing)

.debug_loc      0x00000000      0x9ee
 *(.debug_loc)
 .debug_loc     0x00000000      0x36e ./system/src/newlib/_startup.o
 .debug_loc     0x0000036e      0x549 ./system/src/newlib/_syscalls.o
 .debug_loc     0x000008b7      0x137 ./system/src/cmsis/system_stm32f4xx.o

.debug_macinfo
 *(.debug_macinfo)

.debug_weaknames
 *(.debug_weaknames)

.debug_funcnames
 *(.debug_funcnames)

.debug_typenames
 *(.debug_typenames)

.debug_varnames
 *(.debug_varnames)
OUTPUT(StdLibProject.elf elf32-littlearm)

.debug_ranges   0x00000000      0x1d0
 .debug_ranges  0x00000000       0x18 ./system/src/newlib/_exit.o
 .debug_ranges  0x00000018       0x30 ./system/src/newlib/_startup.o
 .debug_ranges  0x00000048       0xc0 ./system/src/newlib/_syscalls.o
 .debug_ranges  0x00000108       0x18 ./system/src/cortexm/_initialize_hardware.o
 .debug_ranges  0x00000120       0x70 ./system/src/cortexm/exception_handlers.o
 .debug_ranges  0x00000190       0x20 ./system/src/cmsis/system_stm32f4xx.o
 .debug_ranges  0x000001b0       0x10 ./system/src/cmsis/vectors_stm32f407xx.o
 .debug_ranges  0x000001c0       0x10 ./src/main.o

.debug_macro    0x00000000     0x2407
 .debug_macro   0x00000000      0x131 ./system/src/newlib/_exit.o
 .debug_macro   0x00000131       0x9c ./system/src/newlib/_exit.o
 .debug_macro   0x000001cd      0x10e ./system/src/newlib/_exit.o
 .debug_macro   0x000002db       0x86 ./system/src/newlib/_exit.o
 .debug_macro   0x00000361       0x43 ./system/src/newlib/_exit.o
 .debug_macro   0x000003a4      0x27a ./system/src/newlib/_exit.o
 .debug_macro   0x0000061e       0x35 ./system/src/newlib/_exit.o
 .debug_macro   0x00000653      0x10c ./system/src/newlib/_startup.o
 .debug_macro   0x0000075f      0x892 ./system/src/newlib/_startup.o
 .debug_macro   0x00000ff1      0x1ad ./system/src/newlib/_syscalls.o
 .debug_macro   0x0000119e       0x1c ./system/src/newlib/_syscalls.o
 .debug_macro   0x000011ba       0x10 ./system/src/newlib/_syscalls.o
 .debug_macro   0x000011ca       0x10 ./system/src/newlib/_syscalls.o
 .debug_macro   0x000011da       0x10 ./system/src/newlib/_syscalls.o
 .debug_macro   0x000011ea       0x10 ./system/src/newlib/_syscalls.o
 .debug_macro   0x000011fa       0x35 ./system/src/newlib/_syscalls.o
 .debug_macro   0x0000122f      0x122 ./system/src/newlib/_syscalls.o
 .debug_macro   0x00001351       0x2e ./system/src/newlib/_syscalls.o
 .debug_macro   0x0000137f       0x82 ./system/src/newlib/_syscalls.o
 .debug_macro   0x00001401       0x2b ./system/src/newlib/_syscalls.o
 .debug_macro   0x0000142c      0x118 ./system/src/newlib/_syscalls.o
 .debug_macro   0x00001544      0x159 ./system/src/newlib/_syscalls.o
 .debug_macro   0x0000169d       0x16 ./system/src/newlib/_syscalls.o
 .debug_macro   0x000016b3      0x1b2 ./system/src/cortexm/_initialize_hardware.o
 .debug_macro   0x00001865      0x2c5 ./system/src/cortexm/exception_handlers.o
 .debug_macro   0x00001b2a       0x22 ./system/src/cortexm/exception_handlers.o
 .debug_macro   0x00001b4c       0x10 ./system/src/cortexm/exception_handlers.o
 .debug_macro   0x00001b5c       0xc8 ./system/src/cortexm/exception_handlers.o
 .debug_macro   0x00001c24       0x19 ./system/src/cortexm/exception_handlers.o
 .debug_macro   0x00001c3d       0xbe ./system/src/cortexm/exception_handlers.o
 .debug_macro   0x00001cfb       0x10 ./system/src/cortexm/exception_handlers.o
 .debug_macro   0x00001d0b      0x1cc ./system/src/cmsis/system_stm32f4xx.o
 .debug_macro   0x00001ed7       0x64 ./system/src/cmsis/vectors_stm32f407xx.o
 .debug_macro   0x00001f3b      0x16c ./src/main.o
 .debug_macro   0x000020a7       0x16 ./src/main.o
 .debug_macro   0x000020bd       0x97 ./src/main.o
 .debug_macro   0x00002154       0xf6 ./src/main.o
 .debug_macro   0x0000224a       0x10 ./src/main.o
 .debug_macro   0x0000225a       0x16 ./src/main.o
 .debug_macro   0x00002270      0x197 ./src/main.o
